Script started on 2020-07-26 18:32:24-04:00 [TERM="xterm-256color" TTY="/dev/pts/0" COLUMNS="80" LINES="24"]
]0;corey@corey-VirtualBox: ~/Documents/Code/CISC 3140/assignment 2[01;32mcorey@corey-VirtualBox[00m:[01;34m~/Documents/Code/CISC 3140/assignment 2[00m$ git init
Initialized empty Git repository in /home/corey/Documents/Code/CISC 3140/assignment 2/.git/
]0;corey@corey-VirtualBox: ~/Documents/Code/CISC 3140/assignment 2[01;32mcorey@corey-VirtualBox[00m:[01;34m~/Documents/Code/CISC 3140/assignment 2[00m$ git add *
]0;corey@corey-VirtualBox: ~/Documents/Code/CISC 3140/assignment 2[01;32mcorey@corey-VirtualBox[00m:[01;34m~/Documents/Code/CISC 3140/assignment 2[00m$ git commit
hint: Waiting for your editor to close the file... [?2004h[?1049h[22;0;0t[1;24r(B[m[4l[?7h[39;49m[?1h=[?1h=[?25l[39;49m(B[m[H[2J[22;34H(B[0;7m[ Reading... ](B[m[22;32H(B[0;7m[ Read 12 lines ](B[m[H(B[0;7m     /home/corey/Documents/Code/CISC 3140/assignment 2/.git/COMMIT_EDITMSG      [1;79H(B[m[23d(B[0;7m^G(B[m Get Help  (B[0;7m^O(B[m Write Out (B[0;7m^W(B[m Where Is  (B[0;7m^K(B[m Cut Text  (B[0;7m^J(B[m Justify   (B[0;7m^C(B[m Cur Pos[24d(B[0;7m^X(B[m Exit[14G(B[0;7m^R(B[m Read File (B[0;7m^\(B[m Replace   (B[0;7m^U(B[m Paste Text(B[0;7m^T(B[m To Spell  (B[0;7m^_(B[m Go To Line[22d[3d[39;49m[36m# Please enter the commit message for your changes. Lines starting[4d# with '#' will be ignored, and an empty message aborts the commit.[5d#[6d# On branch master[7d#[8d# Initial commit[9d#[10d# Changes to be committed:[11d#       new file:   task1.class[12d#       new file:   task1.java[13d#[2d[39m(B[m[?12l[?25h[?25l[A(B[0;7m/home/corey/Documents/Code/CISC 3140/assignment 2/.git/COMMIT_EDITMSG   Modified[1;80H(B[m[2di[?12l[?25h[?25ln[?12l[?25h[?25li[?12l[?25h[?25lt[?12l[?25h[?25li[?12l[?25h[?25la[?12l[?25h[?25ll[?12l[?25h[?25l [?12l[?25h[?25lc[?12l[?25h[?25lo[?12l[?25h[?25lm[?12l[?25h[?25lm[?12l[?25h[?25li[?12l[?25h[?25lt[?12l[?25h[?25l7[3;21r8[3dM[1;24r[3;1H[?12l[?25h[?25l[3;21r[21;1H
[1;24r[2;15H[?12l[?25h[?25l[3d[?12l[?25h[?25l[A[?12l[?25h[?25l[3d[?12l[?25h[?25l[A[?12l[?25h[?25l[3d[?12l[?25h[?25l[4d[?12l[?25h[?25l[5;2H[?12l[?25h[?25l[6;15H[?12l[?25h[?25l[7;2H[?12l[?25h[?25l[22d[K[8;15H[?12l[?25h[?25l[9;2H[?12l[?25h[?25l[10;15H[?12l[?25h[?25l[11d[?12l[?25h[?25l[12d[?12l[?25h[?25l[13;2H[?12l[?25h[?25l[14d[?12l[?25h[?25l[?12l[?25h[?25l[?12l[?25h[?25l[?12l[?25h[?25l[?12l[?25h[?25l[?12l[?25h[?25l[15d[?12l[?25h[?25l[A[?12l[?25h[?25l[A[C[?12l[?25h[?25l[A[?12l[?25h[?25l[A[?12l[?25h[?25l[A[?12l[?25h[?25l[A[?12l[?25h[?25l[A[?12l[?25h[?25l[A[?12l[?25h[?25l[A[?12l[?25h[?25l[A[?12l[?25h[?25l[A[?12l[?25h[?25l[A[?12l[?25h[?25l[A[?12l[?25h[?25l[?12l[?25h[?25l[?12l[?25h[?25l[?12l[?25h[?25l[?12l[?25h[?25l[?12l[?25h[?25l[?12l[?25h[?25l[?12l[?25h[?25l[?12l[?25h[?25ln[?12l[?25h[?25li[?12l[?25h[?25lt[?12l[?25h[?25li[?12l[?25h[?25la[?12l[?25h[?25ll[?12l[?25h[?25l [?12l[?25h[?25lc[?12l[?25h[?25lo[?12l[?25h[?25lm[?12l[?25h[?25lm[?12l[?25h[?25li[?12l[?25h[?25lt[?12l[?25h[?25l[3d[?12l[?25h[?25l[C[?12l[?25h[?25l[C[?12l[?25h[?25l[C[?12l[?25h[?25l[?12l[?25h[?25l[?12l[?25h[?25l[?12l[?25h[?25l[2;15H[?12l[?25h[?25l7[3;22r8[3dM[1;24r[3;1H[?12l[?25h[?25l[3;22r[22;1H
[1;24r[2;15H[?12l[?25h[?25l[22d(B[0;7mSave modified buffer?                                                           [23;1H Y(B[m Yes[K[24d(B[0;7m N(B[m No  [14G   (B[0;7m^C(B[m Cancel[K[22;23H[?12l[?25h[?25l[23d(B[0;7m^G(B[m Get Help[23;21H(B[0;7mM-D(B[m DOS Format[41G(B[0;7mM-A(B[m Append[23;61H(B[0;7mM-B(B[m Backup File[24d(B[0;7m^C(B[m Cancel[17G    (B[0;7mM-M(B[m Mac Format[41G(B[0;7mM-P(B[m Prepend[24;61H(B[0;7m^T(B[m To Files[22d(B[0;7mFile Name to Write:<MIT_EDITMSG(B[m[22;32H[?12l[?25h[?25l [1K (B[0;7m[ Writing... ](B[m[K[H(B[0;7m     /home/corey/Documents/Code/CISC 3140/assignment 2/.git/COMMIT_EDITMSG      [1;79H(B[m[22;32H(B[0;7m[ Wrote 12 lines ](B[m[J[24d[?12l[?25h[24;1H[?1049l[23;0;0t[?1l>[?2004l[K[master (root-commit) 4e873cd] initial commit
 2 files changed, 5 insertions(+)
 create mode 100644 task1.class
 create mode 100644 task1.java
]0;corey@corey-VirtualBox: ~/Documents/Code/CISC 3140/assignment 2[01;32mcorey@corey-VirtualBox[00m:[01;34m~/Documents/Code/CISC 3140/assignment 2[00m$ git comm[K[K[K[K[K[K[K[Kgit remote add o rigin [K[K[K[K[K[K[A[C[C[C[C[C[C[C[C[C[C[C[C[C[C[C[C[C[C[C[C[C[C[C[C[C[C[C[C[C[C[C[C[C[C[C[C[C[C[C[C[C[C[C[C[C[C[C[C[C[C[C[C[C[C[C[C[C[C[C[C[C[C[C[C[C[C[C[C[C[C[C[C[C[C[C[C[C[C[C[K
[K[A[C[C[C[C[C[C[C[C[C[C[C[C[C[C[C[C[C[C[C[C[C[C[C[C[C[C[C[C[C[C[C[C[C[C[C[C[C[C[C[C[C[C[C[C[C[C[C[C[C[C[C[C[C[C[C[C[C[C[C[C[C[C[C[C[C[C[C[C[C[C[C[C[C[C[C[C[C[C[C[K o rigin git@github.com:czoubkov/cisc3140-assignment-2.git
]0;corey@corey-VirtualBox: ~/Documents/Code/CISC 3140/assignment 2[01;32mcorey@corey-VirtualBox[00m:[01;34m~/Documents/Code/CISC 3140/assignment 2[00m$ git push[K]0;corey@corey-VirtualBox: ~/Documents/Code/CISC 3140/assignment 2[01;32mcorey@corey-VirtualBox[00m:[01;34m~/Documents/Code/CISC 3140/assignment 2[00m$ git push[K]0;corey@corey-VirtualBox: ~/Documents/Code/CISC 3140/assignment 2[01;32mcorey@corey-VirtualBox[00m:[01;34m~/Documents/Code/CISC 3140/assignment 2[00m$ git push[K]0;corey@corey-VirtualBox: ~/Documents/Code/CISC 3140/assignment 2[01;32mcorey@corey-VirtualBox[00m:[01;34m~/Documents/Code/CISC 3140/assignment 2[00m$ git push[K]0;corey@corey-VirtualBox: ~/Documents/Code/CISC 3140/assignment 2[01;32mcorey@corey-VirtualBox[00m:[01;34m~/Documents/Code/CISC 3140/assignment 2[00m$ git push[K]0;corey@corey-VirtualBox: ~/Documents/Code/CISC 3140/assignment 2[01;32mcorey@corey-VirtualBox[00m:[01;34m~/Documents/Code/CISC 3140/assignment 2[00m$ git push[K]0;corey@corey-VirtualBox: ~/Documents/Code/CISC 3140/assignment 2[01;32mcorey@corey-VirtualBox[00m:[01;34m~/Documents/Code/CISC 3140/assignment 2[00m$ git push[K]0;corey@corey-VirtualBox: ~/Documents/Code/CISC 3140/assignment 2[01;32mcorey@corey-VirtualBox[00m:[01;34m~/Documents/Code/CISC 3140/assignment 2[00m$ git push[K]0;corey@corey-VirtualBox: ~/Documents/Code/CISC 3140/assignment 2[01;32mcorey@corey-VirtualBox[00m:[01;34m~/Documents/Code/CISC 3140/assignment 2[00m$ git push[K]0;corey@corey-VirtualBox: ~/Documents/Code/CISC 3140/assignment 2[01;32mcorey@corey-VirtualBox[00m:[01;34m~/Documents/Code/CISC 3140/assignment 2[00m$ git push[K]0;corey@corey-VirtualBox: ~/Documents/Code/CISC 3140/assignment 2[01;32mcorey@corey-VirtualBox[00m:[01;34m~/Documents/Code/CISC 3140/assignment 2[00m$ git push[K]0;corey@corey-VirtualBox: ~/Documents/Code/CISC 3140/assignment 2[01;32mcorey@corey-VirtualBox[00m:[01;34m~/Documents/Code/CISC 3140/assignment 2[00m$ git push[K]0;corey@corey-VirtualBox: ~/Documents/Code/CISC 3140/assignment 2[01;32mcorey@corey-VirtualBox[00m:[01;34m~/Documents/Code/CISC 3140/assignment 2[00m$ git push[K]0;corey@corey-VirtualBox: ~/Documents/Code/CISC 3140/assignment 2[01;32mcorey@corey-VirtualBox[00m:[01;34m~/Documents/Code/CISC 3140/assignment 2[00m$ git push[K]0;corey@corey-VirtualBox: ~/Documents/Code/CISC 3140/assignment 2[01;32mcorey@corey-VirtualBox[00m:[01;34m~/Documents/Code/CISC 3140/assignment 2[00m$ git push[K]0;corey@corey-VirtualBox: ~/Documents/Code/CISC 3140/assignment 2[01;32mcorey@corey-VirtualBox[00m:[01;34m~/Documents/Code/CISC 3140/assignment 2[00m$ git push[K]0;corey@corey-VirtualBox: ~/Documents/Code/CISC 3140/assignment 2[01;32mcorey@corey-VirtualBox[00m:[01;34m~/Documents/Code/CISC 3140/assignment 2[00m$ git push[K]0;corey@corey-VirtualBox: ~/Documents/Code/CISC 3140/assignment 2[01;32mcorey@corey-VirtualBox[00m:[01;34m~/Documents/Code/CISC 3140/assignment 2[00m$ git push[K]0;corey@corey-VirtualBox: ~/Documents/Code/CISC 3140/assignment 2[01;32mcorey@corey-VirtualBox[00m:[01;34m~/Documents/Code/CISC 3140/assignment 2[00m$ git push[K]0;corey@corey-VirtualBox: ~/Documents/Code/CISC 3140/assignment 2[01;32mcorey@corey-VirtualBox[00m:[01;34m~/Documents/Code/CISC 3140/assignment 2[00m$ git push[K]0;corey@corey-VirtualBox: ~/Documents/Code/CISC 3140/assignment 2[01;32mcorey@corey-VirtualBox[00m:[01;34m~/Documents/Code/CISC 3140/assignment 2[00m$ git push[K]0;corey@corey-VirtualBox: ~/Documents/Code/CISC 3140/assignment 2[01;32mcorey@corey-VirtualBox[00m:[01;34m~/Documents/Code/CISC 3140/assignment 2[00m$ git push[K]0;corey@corey-VirtualBox: ~/Documents/Code/CISC 3140/assignment 2[01;32mcorey@corey-VirtualBox[00m:[01;34m~/Documents/Code/CISC 3140/assignment 2[00m$ git push[K]0;corey@corey-VirtualBox: ~/Documents/Code/CISC 3140/assignment 2[01;32mcorey@corey-VirtualBox[00m:[01;34m~/Documents/Code/CISC 3140/assignment 2[00m$ git push[K]0;corey@corey-VirtualBox: ~/Documents/Code/CISC 3140/assignment 2[01;32mcorey@corey-VirtualBox[00m:[01;34m~/Documents/Code/CISC 3140/assignment 2[00m$ git push[K]0;corey@corey-VirtualBox: ~/Documents/Code/CISC 3140/assignment 2[01;32mcorey@corey-VirtualBox[00m:[01;34m~/Documents/Code/CISC 3140/assignment 2[00m$ git push[K]0;corey@corey-VirtualBox: ~/Documents/Code/CISC 3140/assignment 2[01;32mcorey@corey-VirtualBox[00m:[01;34m~/Documents/Code/CISC 3140/assignment 2[00m$ git push[K]0;corey@corey-VirtualBox: ~/Documents/Code/CISC 3140/assignment 2[01;32mcorey@corey-VirtualBox[00m:[01;34m~/Documents/Code/CISC 3140/assignment 2[00m$ git push[K]0;corey@corey-VirtualBox: ~/Documents/Code/CISC 3140/assignment 2[01;32mcorey@corey-VirtualBox[00m:[01;34m~/Documents/Code/CISC 3140/assignment 2[00m$ git push[K]0;corey@corey-VirtualBox: ~/Documents/Code/CISC 3140/assignment 2[01;32mcorey@corey-VirtualBox[00m:[01;34m~/Documents/Code/CISC 3140/assignment 2[00m$ git push[K]0;corey@corey-VirtualBox: ~/Documents/Code/CISC 3140/assignment 2[01;32mcorey@corey-VirtualBox[00m:[01;34m~/Documents/Code/CISC 3140/assignment 2[00m$ git push[K]0;corey@corey-VirtualBox: ~/Documents/Code/CISC 3140/assignment 2[01;32mcorey@corey-VirtualBox[00m:[01;34m~/Documents/Code/CISC 3140/assignment 2[00m$ git push[K]0;corey@corey-VirtualBox: ~/Documents/Code/CISC 3140/assignment 2[01;32mcorey@corey-VirtualBox[00m:[01;34m~/Documents/Code/CISC 3140/assignment 2[00m$ git push[K]0;corey@corey-VirtualBox: ~/Documents/Code/CISC 3140/assignment 2[01;32mcorey@corey-VirtualBox[00m:[01;34m~/Documents/Code/CISC 3140/assignment 2[00m$ git push[K]0;corey@corey-VirtualBox: ~/Documents/Code/CISC 3140/assignment 2[01;32mcorey@corey-VirtualBox[00m:[01;34m~/Documents/Code/CISC 3140/assignment 2[00m$ git push[K]0;corey@corey-VirtualBox: ~/Documents/Code/CISC 3140/assignment 2[01;32mcorey@corey-VirtualBox[00m:[01;34m~/Documents/Code/CISC 3140/assignment 2[00m$ git push[K]0;corey@corey-VirtualBox: ~/Documents/Code/CISC 3140/assignment 2[01;32mcorey@corey-VirtualBox[00m:[01;34m~/Documents/Code/CISC 3140/assignment 2[00m$ git push[K]0;corey@corey-VirtualBox: ~/Documents/Code/CISC 3140/assignment 2[01;32mcorey@corey-VirtualBox[00m:[01;34m~/Documents/Code/CISC 3140/assignment 2[00m$ git push[K]0;corey@corey-VirtualBox: ~/Documents/Code/CISC 3140/assignment 2[01;32mcorey@corey-VirtualBox[00m:[01;34m~/Documents/Code/CISC 3140/assignment 2[00m$ git push[K]0;corey@corey-VirtualBox: ~/Documents/Code/CISC 3140/assignment 2[01;32mcorey@corey-VirtualBox[00m:[01;34m~/Documents/Code/CISC 3140/assignment 2[00m$ git push[K]0;corey@corey-VirtualBox: ~/Documents/Code/CISC 3140/assignment 2[01;32mcorey@corey-VirtualBox[00m:[01;34m~/Documents/Code/CISC 3140/assignment 2[00m$ git push[K]0;corey@corey-VirtualBox: ~/Documents/Code/CISC 3140/assignment 2[01;32mcorey@corey-VirtualBox[00m:[01;34m~/Documents/Code/CISC 3140/assignment 2[00m$ git push[K]0;corey@corey-VirtualBox: ~/Documents/Code/CISC 3140/assignment 2[01;32mcorey@corey-VirtualBox[00m:[01;34m~/Documents/Code/CISC 3140/assignment 2[00m$ git push[K]0;corey@corey-VirtualBox: ~/Documents/Code/CISC 3140/assignment 2[01;32mcorey@corey-VirtualBox[00m:[01;34m~/Documents/Code/CISC 3140/assignment 2[00m$ git push[K]0;corey@corey-VirtualBox: ~/Documents/Code/CISC 3140/assignment 2[01;32mcorey@corey-VirtualBox[00m:[01;34m~/Documents/Code/CISC 3140/assignment 2[00m$ git push[K]0;corey@corey-VirtualBox: ~/Documents/Code/CISC 3140/assignment 2[01;32mcorey@corey-VirtualBox[00m:[01;34m~/Documents/Code/CISC 3140/assignment 2[00m$ git push[K]0;corey@corey-VirtualBox: ~/Documents/Code/CISC 3140/assignment 2[01;32mcorey@corey-VirtualBox[00m:[01;34m~/Documents/Code/CISC 3140/assignment 2[00m$ git push[K]0;corey@corey-VirtualBox: ~/Documents/Code/CISC 3140/assignment 2[01;32mcorey@corey-VirtualBox[00m:[01;34m~/Documents/Code/CISC 3140/assignment 2[00m$ git push[K]0;corey@corey-VirtualBox: ~/Documents/Code/CISC 3140/assignment 2[01;32mcorey@corey-VirtualBox[00m:[01;34m~/Documents/Code/CISC 3140/assignment 2[00m$ git push[K]0;corey@corey-VirtualBox: ~/Documents/Code/CISC 3140/assignment 2[01;32mcorey@corey-VirtualBox[00m:[01;34m~/Documents/Code/CISC 3140/assignment 2[00m$ git push[K]0;corey@corey-VirtualBox: ~/Documents/Code/CISC 3140/assignment 2[01;32mcorey@corey-VirtualBox[00m:[01;34m~/Documents/Code/CISC 3140/assignment 2[00m$ git push[K]0;corey@corey-VirtualBox: ~/Documents/Code/CISC 3140/assignment 2[01;32mcorey@corey-VirtualBox[00m:[01;34m~/Documents/Code/CISC 3140/assignment 2[00m$ git push[K]0;corey@corey-VirtualBox: ~/Documents/Code/CISC 3140/assignment 2[01;32mcorey@corey-VirtualBox[00m:[01;34m~/Documents/Code/CISC 3140/assignment 2[00m$ git push[K]0;corey@corey-VirtualBox: ~/Documents/Code/CISC 3140/assignment 2[01;32mcorey@corey-VirtualBox[00m:[01;34m~/Documents/Code/CISC 3140/assignment 2[00m$ git push[K]0;corey@corey-VirtualBox: ~/Documents/Code/CISC 3140/assignment 2[01;32mcorey@corey-VirtualBox[00m:[01;34m~/Documents/Code/CISC 3140/assignment 2[00m$ git push[K]0;corey@corey-VirtualBox: ~/Documents/Code/CISC 3140/assignment 2[01;32mcorey@corey-VirtualBox[00m:[01;34m~/Documents/Code/CISC 3140/assignment 2[00m$ git push[K]0;corey@corey-VirtualBox: ~/Documents/Code/CISC 3140/assignment 2[01;32mcorey@corey-VirtualBox[00m:[01;34m~/Documents/Code/CISC 3140/assignment 2[00m$ git push[K]0;corey@corey-VirtualBox: ~/Documents/Code/CISC 3140/assignment 2[01;32mcorey@corey-VirtualBox[00m:[01;34m~/Documents/Code/CISC 3140/assignment 2[00m$ git push[K]0;corey@corey-VirtualBox: ~/Documents/Code/CISC 3140/assignment 2[01;32mcorey@corey-VirtualBox[00m:[01;34m~/Documents/Code/CISC 3140/assignment 2[00m$ git push
fatal: The current branch master has no upstream branch.
To push the current branch and set the remote as upstream, use

    git push --set-upstream origin master

]0;corey@corey-VirtualBox: ~/Documents/Code/CISC 3140/assignment 2[01;32mcorey@corey-VirtualBox[00m:[01;34m~/Documents/Code/CISC 3140/assignment 2[00m$ git push --set-upstream origin mas ter
Enumerating objects: 4, done.
Counting objects:  25% (1/4)Counting objects:  50% (2/4)Counting objects:  75% (3/4)Counting objects: 100% (4/4)Counting objects: 100% (4/4), done.
Delta compression using up to 2 threads
Compressing objects:  25% (1/4)Compressing objects:  50% (2/4)Compressing objects:  75% (3/4)Compressing objects: 100% (4/4)Compressing objects: 100% (4/4), done.
Writing objects:  25% (1/4)Writing objects:  50% (2/4)Writing objects:  75% (3/4)Writing objects: 100% (4/4)Writing objects: 100% (4/4), 636 bytes | 636.00 KiB/s, done.
Total 4 (delta 0), reused 0 (delta 0)
To github.com:czoubkov/cisc3140-assignment-2.git
 * [new branch]      master -> master
Branch 'master' set up to track remote branch 'master' from 'origin'.
]0;corey@corey-VirtualBox: ~/Documents/Code/CISC 3140/assignment 2[01;32mcorey@corey-VirtualBox[00m:[01;34m~/Documents/Code/CISC 3140/assignment 2[00m$ git add * [K
]0;corey@corey-VirtualBox: ~/Documents/Code/CISC 3140/assignment 2[01;32mcorey@corey-VirtualBox[00m:[01;34m~/Documents/Code/CISC 3140/assignment 2[00m$ git commit
On branch master
Your branch is up to date with 'origin/master'.

nothing to commit, working tree clean
]0;corey@corey-VirtualBox: ~/Documents/Code/CISC 3140/assignment 2[01;32mcorey@corey-VirtualBox[00m:[01;34m~/Documents/Code/CISC 3140/assignment 2[00m$ git push
Everything up-to-date
]0;corey@corey-VirtualBox: ~/Documents/Code/CISC 3140/assignment 2[01;32mcorey@corey-VirtualBox[00m:[01;34m~/Documents/Code/CISC 3140/assignment 2[00m$ java [Kc task1.[K.java
]0;corey@corey-VirtualBox: ~/Documents/Code/CISC 3140/assignment 2[01;32mcorey@corey-VirtualBox[00m:[01;34m~/Documents/Code/CISC 3140/assignment 2[00m$ javac[K [K[K[K[K[Kjava task1
I changed this
]0;corey@corey-VirtualBox: ~/Documents/Code/CISC 3140/assignment 2[01;32mcorey@corey-VirtualBox[00m:[01;34m~/Documents/Code/CISC 3140/assignment 2[00m$ git add *
]0;corey@corey-VirtualBox: ~/Documents/Code/CISC 3140/assignment 2[01;32mcorey@corey-VirtualBox[00m:[01;34m~/Documents/Code/CISC 3140/assignment 2[00m$ git commit
hint: Waiting for your editor to close the file... [?2004h[?1049h[22;0;0t[1;29r(B[m[4l[?7h[39;49m[?1h=[?1h=[?25l[39;49m(B[m[H[2J[27;43H(B[0;7m[ Reading... ](B[m[27;41H(B[0;7m[ Read 11 lines ](B[m[H(B[0;7m  GNU nano 4.8  /home/corey/Documents/Code/CISC 3140/assignment 2/.git/COMMIT_EDITMSG             [1;97H(B[m[28d(B[0;7m^G(B[m Get Help     (B[0;7m^O(B[m Write Out    (B[0;7m^W(B[m Where Is     (B[0;7m^K(B[m Cut Text     (B[0;7m^J(B[m Justify[81G(B[0;7m^C(B[m Cur Pos[29d(B[0;7m^X(B[m Exit[29;17H(B[0;7m^R(B[m Read File    (B[0;7m^\(B[m Replace[49G(B[0;7m^U(B[m Paste Text   (B[0;7m^T(B[m To Spell     (B[0;7m^_(B[m Go To Line[27d[3d[39;49m[36m# Please enter the commit message for your changes. Lines starting[4d# with '#' will be ignored, and an empty message aborts the commit.[5d#[6d# On branch master[7d# Your branch is up to date with 'origin/master'.[8d#[9d# Changes to be committed:[10d#       modified:   task1.class[11d#       modified:   task1.java[12d#[2d[39m(B[m[?12l[?25h[?25l[1;89H(B[0;7mModified(B[m[2dm[?12l[?25h[?25la[?12l[?25h[?25ld[?12l[?25h[?25le[?12l[?25h[?25l [?12l[?25h[?25la[?12l[?25h[?25l [?12l[?25h[?25ls[?12l[?25h[?25ll[?12l[?25h[?25li[?12l[?25h[?25lg[?12l[?25h[?25lh[?12l[?25h[?25lt[?12l[?25h[?25l [?12l[?25h[?25lm[?12l[?25h[?25lo[?12l[?25h[?25ld[?12l[?25h[?25li[?12l[?25h[?25lf[?12l[?25h[?25li[?12l[?25h[?25lc[?12l[?25h[?25la[?12l[?25h[?25lt[?12l[?25h[?25li[?12l[?25h[?25lo[?12l[?25h[?25ln[27d[K[2;27H[?12l[?25h[?25l [?12l[?25h[?25lt[?12l[?25h[?25lo[?12l[?25h[?25l [?12l[?25h[?25lt[?12l[?25h[?25lh[?12l[?25h[?25le[?12l[?25h[?25l [?12l[?25h[?25lf[?12l[?25h[?25li[?12l[?25h[?25ll[?12l[?25h[?25le[?12l[?25h[?25l[27d(B[0;7mSave modified buffer?                                                                             [28;1H Y(B[m Yes[K[29d(B[0;7m N(B[m No  [29;18H(B[0;7mC(B[m Cancel[K[27;23H[?12l[?25h[?25l[28d(B[0;7m^G(B[m Get Help[28;25H(B[0;7mM-D(B[m DOS Format[28;49H(B[0;7mM-A(B[m Append[28;73H(B[0;7mM-B(B[m Backup File[29d(B[0;7m^C(B[m Cancel[17G        (B[0;7mM-M(B[m Mac Format[29;49H(B[0;7mM-P(B[m Prepend[29;73H(B[0;7m^T(B[m To Files[27d(B[0;7mFile Name to Write: /home/corey/Documents/Code/CISC 3140/assignment 2/.git/COMMIT_EDITMSG(B[m[27;90H[?12l[?25h[?25l[27;42H[1K (B[0;7m[ Writing... ](B[m[K[1;89H(B[0;7m        (B[m[27;41H(B[0;7m[ Wrote 11 lines ](B[m[J[29d[?12l[?25h[29;1H[?1049l[23;0;0t[?1l>[?2004l[K[master cb6258c] made a slight modification to the file
 2 files changed, 1 insertion(+), 1 deletion(-)
]0;corey@corey-VirtualBox: ~/Documents/Code/CISC 3140/assignment 2[01;32mcorey@corey-VirtualBox[00m:[01;34m~/Documents/Code/CISC 3140/assignment 2[00m$ git push
Warning: Permanently added the RSA host key for IP address '140.82.113.3' to the list of known hosts.
Enumerating objects: 7, done.
Counting objects:  14% (1/7)Counting objects:  28% (2/7)Counting objects:  42% (3/7)Counting objects:  57% (4/7)Counting objects:  71% (5/7)Counting objects:  85% (6/7)Counting objects: 100% (7/7)Counting objects: 100% (7/7), done.
Delta compression using up to 2 threads
Compressing objects:  25% (1/4)Compressing objects:  50% (2/4)Compressing objects:  75% (3/4)Compressing objects: 100% (4/4)Compressing objects: 100% (4/4), done.
Writing objects:  25% (1/4)Writing objects:  50% (2/4)Writing objects:  75% (3/4)Writing objects: 100% (4/4)Writing objects: 100% (4/4), 389 bytes | 389.00 KiB/s, done.
Total 4 (delta 2), reused 0 (delta 0)
remote: Resolving deltas:   0% (0/2)[Kremote: Resolving deltas:  50% (1/2)[Kremote: Resolving deltas: 100% (2/2)[Kremote: Resolving deltas: 100% (2/2), completed with 2 local objects.[K
To github.com:czoubkov/cisc3140-assignment-2.git
   4e873cd..cb6258c  master -> master
]0;corey@corey-VirtualBox: ~/Documents/Code/CISC 3140/assignment 2[01;32mcorey@corey-VirtualBox[00m:[01;34m~/Documents/Code/CISC 3140/assignment 2[00m$ exit
exit

Script done on 2020-07-26 18:47:14-04:00 [COMMAND_EXIT_CODE="0"]
